// Jest Snapshot v1, https://goo.gl/fbAQLP

exports[`Base Layout renders correctly 1`] = `
<head>
  Object {}
  Object {
    "lang": "en",
  }
  <meta
    content=""
    data-react-helmet={true}
    property="og:title"
  />
  <title
    data-react-helmet={true}
  >
    
  </title>
</head>

<main>
  <span>
    Test
  </span>
</main>
`;
